Validated 54 tasks; state=/home/local/xinyu/MVRSS/mvrss/experiments3/quartile_evaluation_state.json; status={'pending': 54, 'running': 0, 'completed': 0, 'failed': 0}
Started rain_group1_seed42_source pid=2306178 physical_cuda=0 (1/9 active)
Started rain_group1_seed42_target pid=2306179 physical_cuda=1 (2/9 active)
Started rain_group4_seed42_source pid=2306180 physical_cuda=2 (3/9 active)
Started rain_group4_seed42_target pid=2306181 physical_cuda=0 (4/9 active)
Started rain_group2_seed42_source pid=2306182 physical_cuda=1 (5/9 active)
Started rain_group2_seed42_target pid=2306183 physical_cuda=2 (6/9 active)
Started rain_group5_seed42_source pid=2306184 physical_cuda=0 (7/9 active)
Started rain_group5_seed42_target pid=2306185 physical_cuda=1 (8/9 active)
Started rain_group3_seed42_source pid=2306186 physical_cuda=2 (9/9 active)
Completed rain_group2_seed42_target: /home/local/xinyu/MVRSS/mvrss/experiments3/evaluation_reports/rain/test_set_24/shared9_s5_15_t23_25/seed42_target_result.txt
Started rain_group3_seed42_target pid=2416308 physical_cuda=2 (9/9 active)
Completed rain_group5_seed42_target: /home/local/xinyu/MVRSS/mvrss/experiments3/evaluation_reports/rain/test_set_24/shared9_s5_20_t23_25/seed42_target_result.txt
Started rain_group6_seed42_source pid=2416675 physical_cuda=1 (9/9 active)
Completed rain_group3_seed42_source: /home/local/xinyu/MVRSS/mvrss/experiments3/evaluation_reports/rain/test_set_25/shared9_s5_15_t23_24/seed42_source_result.txt
Started rain_group6_seed42_target pid=2416768 physical_cuda=2 (9/9 active)
Completed rain_group1_seed42_target: /home/local/xinyu/MVRSS/mvrss/experiments3/evaluation_reports/rain/test_set_23/shared9_s5_15_t24_25/seed42_target_result.txt
Started rain_group7_seed43_source pid=2416878 physical_cuda=1 (9/9 active)
Completed rain_group4_seed42_source: /home/local/xinyu/MVRSS/mvrss/experiments3/evaluation_reports/rain/test_set_23/shared9_s5_20_t24_25/seed42_source_result.txt
Started rain_group7_seed43_target pid=2417073 physical_cuda=2 (9/9 active)
Completed rain_group2_seed42_source: /home/local/xinyu/MVRSS/mvrss/experiments3/evaluation_reports/rain/test_set_24/shared9_s5_15_t23_25/seed42_source_result.txt
Started rain_group10_seed43_source pid=2417401 physical_cuda=1 (9/9 active)
Completed rain_group4_seed42_target: /home/local/xinyu/MVRSS/mvrss/experiments3/evaluation_reports/rain/test_set_23/shared9_s5_20_t24_25/seed42_target_result.txt
Started rain_group10_seed43_target pid=2428073 physical_cuda=0 (9/9 active)
Completed rain_group1_seed42_source: /home/local/xinyu/MVRSS/mvrss/experiments3/evaluation_reports/rain/test_set_23/shared9_s5_15_t24_25/seed42_source_result.txt
Started rain_group8_seed43_source pid=2429373 physical_cuda=0 (9/9 active)
Completed rain_group5_seed42_source: /home/local/xinyu/MVRSS/mvrss/experiments3/evaluation_reports/rain/test_set_24/shared9_s5_20_t23_25/seed42_source_result.txt
Started rain_group8_seed43_target pid=2429906 physical_cuda=0 (9/9 active)
Completed rain_group3_seed42_target: /home/local/xinyu/MVRSS/mvrss/experiments3/evaluation_reports/rain/test_set_25/shared9_s5_15_t23_24/seed42_target_result.txt
Started rain_group11_seed43_source pid=2538614 physical_cuda=2 (9/9 active)
Completed rain_group6_seed42_source: /home/local/xinyu/MVRSS/mvrss/experiments3/evaluation_reports/rain/test_set_25/shared9_s5_20_t23_24/seed42_source_result.txt
Started rain_group11_seed43_target pid=2540151 physical_cuda=1 (9/9 active)
Completed rain_group7_seed43_target: /home/local/xinyu/MVRSS/mvrss/experiments3/evaluation_reports/rain/test_set_23/shared9_s5_15_t24_25/seed43_target_result.txt
Started rain_group9_seed43_source pid=2540387 physical_cuda=2 (9/9 active)
Completed rain_group6_seed42_target: /home/local/xinyu/MVRSS/mvrss/experiments3/evaluation_reports/rain/test_set_25/shared9_s5_20_t23_24/seed42_target_result.txt
Started rain_group9_seed43_target pid=2541053 physical_cuda=2 (9/9 active)
Completed rain_group10_seed43_source: /home/local/xinyu/MVRSS/mvrss/experiments3/evaluation_reports/rain/test_set_23/shared9_s5_20_t24_25/seed43_source_result.txt
Started rain_group12_seed43_source pid=2541484 physical_cuda=1 (9/9 active)
Completed rain_group7_seed43_source: /home/local/xinyu/MVRSS/mvrss/experiments3/evaluation_reports/rain/test_set_23/shared9_s5_15_t24_25/seed43_source_result.txt
Started rain_group12_seed43_target pid=2541892 physical_cuda=1 (9/9 active)
Completed rain_group10_seed43_target: /home/local/xinyu/MVRSS/mvrss/experiments3/evaluation_reports/rain/test_set_23/shared9_s5_20_t24_25/seed43_target_result.txt
Started rain_group16_seed44_source pid=2563655 physical_cuda=0 (9/9 active)
Completed rain_group8_seed43_target: /home/local/xinyu/MVRSS/mvrss/experiments3/evaluation_reports/rain/test_set_24/shared9_s5_15_t23_25/seed43_target_result.txt
Started rain_group16_seed44_target pid=2565329 physical_cuda=0 (9/9 active)
Completed rain_group8_seed43_source: /home/local/xinyu/MVRSS/mvrss/experiments3/evaluation_reports/rain/test_set_24/shared9_s5_15_t23_25/seed43_source_result.txt
Started rain_group17_seed44_source pid=2566689 physical_cuda=0 (9/9 active)
Completed rain_group11_seed43_source: /home/local/xinyu/MVRSS/mvrss/experiments3/evaluation_reports/rain/test_set_24/shared9_s5_20_t23_25/seed43_source_result.txt
Started rain_group17_seed44_target pid=2657525 physical_cuda=2 (9/9 active)
Completed rain_group9_seed43_source: /home/local/xinyu/MVRSS/mvrss/experiments3/evaluation_reports/rain/test_set_25/shared9_s5_15_t23_24/seed43_source_result.txt
Started rain_group18_seed44_source pid=2660833 physical_cuda=2 (9/9 active)
Completed rain_group11_seed43_target: /home/local/xinyu/MVRSS/mvrss/experiments3/evaluation_reports/rain/test_set_24/shared9_s5_20_t23_25/seed43_target_result.txt
Started rain_group18_seed44_target pid=2660986 physical_cuda=1 (9/9 active)
Completed rain_group9_seed43_target: /home/local/xinyu/MVRSS/mvrss/experiments3/evaluation_reports/rain/test_set_25/shared9_s5_15_t23_24/seed43_target_result.txt
Started sleet_group1_seed42_source pid=2661736 physical_cuda=2 (9/9 active)
Completed rain_group12_seed43_target: /home/local/xinyu/MVRSS/mvrss/experiments3/evaluation_reports/rain/test_set_25/shared9_s5_20_t23_24/seed43_target_result.txt
Started sleet_group1_seed42_target pid=2662600 physical_cuda=1 (9/9 active)
Completed rain_group12_seed43_source: /home/local/xinyu/MVRSS/mvrss/experiments3/evaluation_reports/rain/test_set_25/shared9_s5_20_t23_24/seed43_source_result.txt
Started sleet_group2_seed42_source pid=2663174 physical_cuda=1 (9/9 active)
Completed rain_group16_seed44_source: /home/local/xinyu/MVRSS/mvrss/experiments3/evaluation_reports/rain/test_set_23/shared9_s5_20_t24_25/seed44_source_result.txt
Started sleet_group2_seed42_target pid=2696787 physical_cuda=0 (9/9 active)
Completed rain_group16_seed44_target: /home/local/xinyu/MVRSS/mvrss/experiments3/evaluation_reports/rain/test_set_23/shared9_s5_20_t24_25/seed44_target_result.txt
Started sleet_group3_seed42_source pid=2699712 physical_cuda=0 (9/9 active)
Completed rain_group17_seed44_source: /home/local/xinyu/MVRSS/mvrss/experiments3/evaluation_reports/rain/test_set_24/shared9_s5_20_t23_25/seed44_source_result.txt
Started sleet_group3_seed42_target pid=2701727 physical_cuda=0 (9/9 active)
Completed rain_group17_seed44_target: /home/local/xinyu/MVRSS/mvrss/experiments3/evaluation_reports/rain/test_set_24/shared9_s5_20_t23_25/seed44_target_result.txt
Started sleet_group4_seed42_source pid=2809804 physical_cuda=2 (9/9 active)
Completed sleet_group2_seed42_source: /home/local/xinyu/MVRSS/mvrss/experiments3/evaluation_reports/sleet/test_set_51/shared9_12_first_s10_11_t50_52_53/seed42_source_result.txt
Started sleet_group4_seed42_target pid=2812566 physical_cuda=1 (9/9 active)
Completed sleet_group1_seed42_source: /home/local/xinyu/MVRSS/mvrss/experiments3/evaluation_reports/sleet/test_set_50/shared9_12_first_s3_10_t51_52_53/seed42_source_result.txt
Started sleet_group6_seed43_source pid=2814983 physical_cuda=2 (9/9 active)
Completed rain_group18_seed44_source: /home/local/xinyu/MVRSS/mvrss/experiments3/evaluation_reports/rain/test_set_25/shared9_s5_20_t23_24/seed44_source_result.txt
Started sleet_group6_seed43_target pid=2815228 physical_cuda=2 (9/9 active)
Completed sleet_group1_seed42_target: /home/local/xinyu/MVRSS/mvrss/experiments3/evaluation_reports/sleet/test_set_50/shared9_12_first_s3_10_t51_52_53/seed42_target_result.txt
Started sleet_group7_seed43_source pid=2816006 physical_cuda=1 (9/9 active)
Completed rain_group18_seed44_target: /home/local/xinyu/MVRSS/mvrss/experiments3/evaluation_reports/rain/test_set_25/shared9_s5_20_t23_24/seed44_target_result.txt
Started sleet_group7_seed43_target pid=2816142 physical_cuda=1 (9/9 active)
Completed sleet_group2_seed42_target: /home/local/xinyu/MVRSS/mvrss/experiments3/evaluation_reports/sleet/test_set_51/shared9_12_first_s10_11_t50_52_53/seed42_target_result.txt
Started sleet_group8_seed43_source pid=2862235 physical_cuda=0 (9/9 active)
Completed sleet_group3_seed42_source: /home/local/xinyu/MVRSS/mvrss/experiments3/evaluation_reports/sleet/test_set_52/shared9_12_first_s3_10_11_t50_51_53/seed42_source_result.txt
Started sleet_group8_seed43_target pid=2864259 physical_cuda=0 (9/9 active)
Completed sleet_group3_seed42_target: /home/local/xinyu/MVRSS/mvrss/experiments3/evaluation_reports/sleet/test_set_52/shared9_12_first_s3_10_11_t50_51_53/seed42_target_result.txt
Started sleet_group9_seed43_source pid=2865287 physical_cuda=0 (9/9 active)
Completed sleet_group4_seed42_source: /home/local/xinyu/MVRSS/mvrss/experiments3/evaluation_reports/sleet/test_set_53/shared9_12_first_s3_10_11_t50_51_52/seed42_source_result.txt
Started sleet_group9_seed43_target pid=2956768 physical_cuda=2 (9/9 active)
Completed sleet_group6_seed43_source: /home/local/xinyu/MVRSS/mvrss/experiments3/evaluation_reports/sleet/test_set_50/shared9_12_first_s3_10_t51_52_53/seed43_source_result.txt
Started sleet_group10_seed44_source pid=2959545 physical_cuda=2 (9/9 active)
Completed sleet_group4_seed42_target: /home/local/xinyu/MVRSS/mvrss/experiments3/evaluation_reports/sleet/test_set_53/shared9_12_first_s3_10_11_t50_51_52/seed42_target_result.txt
Completed sleet_group7_seed43_source: /home/local/xinyu/MVRSS/mvrss/experiments3/evaluation_reports/sleet/test_set_51/shared9_12_first_s10_11_t50_52_53/seed43_source_result.txt
Started sleet_group10_seed44_target pid=2959814 physical_cuda=1 (8/9 active)
Started sleet_group11_seed44_source pid=2959819 physical_cuda=1 (9/9 active)
Completed sleet_group6_seed43_target: /home/local/xinyu/MVRSS/mvrss/experiments3/evaluation_reports/sleet/test_set_50/shared9_12_first_s3_10_t51_52_53/seed43_target_result.txt
Started sleet_group11_seed44_target pid=2960411 physical_cuda=2 (9/9 active)
Completed sleet_group7_seed43_target: /home/local/xinyu/MVRSS/mvrss/experiments3/evaluation_reports/sleet/test_set_51/shared9_12_first_s10_11_t50_52_53/seed43_target_result.txt
Started sleet_group12_seed44_source pid=2961140 physical_cuda=1 (9/9 active)
Completed sleet_group8_seed43_target: /home/local/xinyu/MVRSS/mvrss/experiments3/evaluation_reports/sleet/test_set_52/shared9_12_first_s3_10_11_t50_51_53/seed43_target_result.txt
Started sleet_group12_seed44_target pid=3051209 physical_cuda=0 (9/9 active)
Completed sleet_group8_seed43_source: /home/local/xinyu/MVRSS/mvrss/experiments3/evaluation_reports/sleet/test_set_52/shared9_12_first_s3_10_11_t50_51_53/seed43_source_result.txt
Started sleet_group13_seed44_source pid=3051606 physical_cuda=0 (9/9 active)
Completed sleet_group9_seed43_source: /home/local/xinyu/MVRSS/mvrss/experiments3/evaluation_reports/sleet/test_set_53/shared9_12_first_s3_10_11_t50_51_52/seed43_source_result.txt
Started sleet_group13_seed44_target pid=3054448 physical_cuda=0 (9/9 active)
Traceback (most recent call last):
  File "/home/local/xinyu/MVRSS/mvrss/scripts/evaluate_quartile_experiments.py", line 722, in <module>
    raise SystemExit(main())
  File "/home/local/xinyu/MVRSS/mvrss/scripts/evaluate_quartile_experiments.py", line 715, in main
    return run_queue(args, state_path, state, all_rows)
  File "/home/local/xinyu/MVRSS/mvrss/scripts/evaluate_quartile_experiments.py", line 663, in run_queue
    returncode = process.poll()
  File "/home/local/miniconda3/envs/mvrss/lib/python3.10/subprocess.py", line 1181, in poll
    return self._internal_poll()
  File "/home/local/miniconda3/envs/mvrss/lib/python3.10/subprocess.py", line 1910, in _internal_poll
    self._waitpid_lock.release()
  File "/home/local/xinyu/MVRSS/mvrss/scripts/evaluate_quartile_experiments.py", line 637, in interrupt_handler
    raise KeyboardInterrupt(f"received signal {signum}")
KeyboardInterrupt: received signal 15
Validated 54 tasks; state=/home/local/xinyu/MVRSS/mvrss/experiments3/quartile_evaluation_state.json; status={'pending': 9, 'running': 0, 'completed': 45, 'failed': 0}
Started sleet_group9_seed43_target pid=83806 physical_cuda=0 (1/9 active)
Started sleet_group10_seed44_source pid=83807 physical_cuda=1 (2/9 active)
Started sleet_group10_seed44_target pid=83808 physical_cuda=2 (3/9 active)
Started sleet_group11_seed44_source pid=83809 physical_cuda=0 (4/9 active)
Started sleet_group11_seed44_target pid=83810 physical_cuda=1 (5/9 active)
Started sleet_group12_seed44_source pid=83811 physical_cuda=2 (6/9 active)
Started sleet_group12_seed44_target pid=83812 physical_cuda=0 (7/9 active)
Started sleet_group13_seed44_source pid=83813 physical_cuda=1 (8/9 active)
Started sleet_group13_seed44_target pid=83814 physical_cuda=2 (9/9 active)
Completed sleet_group10_seed44_target: /home/local/xinyu/MVRSS/mvrss/experiments3/evaluation_reports/sleet/test_set_50/shared9_12_first_s3_10_t51_52_53/seed44_target_result.txt
Completed sleet_group13_seed44_source: /home/local/xinyu/MVRSS/mvrss/experiments3/evaluation_reports/sleet/test_set_53/shared9_12_first_s3_10_11_t50_51_52/seed44_source_result.txt
Completed sleet_group10_seed44_source: /home/local/xinyu/MVRSS/mvrss/experiments3/evaluation_reports/sleet/test_set_50/shared9_12_first_s3_10_t51_52_53/seed44_source_result.txt
Completed sleet_group12_seed44_source: /home/local/xinyu/MVRSS/mvrss/experiments3/evaluation_reports/sleet/test_set_52/shared9_12_first_s3_10_11_t50_51_53/seed44_source_result.txt
Completed sleet_group11_seed44_target: /home/local/xinyu/MVRSS/mvrss/experiments3/evaluation_reports/sleet/test_set_51/shared9_12_first_s10_11_t50_52_53/seed44_target_result.txt
Completed sleet_group13_seed44_target: /home/local/xinyu/MVRSS/mvrss/experiments3/evaluation_reports/sleet/test_set_53/shared9_12_first_s3_10_11_t50_51_52/seed44_target_result.txt
Completed sleet_group11_seed44_source: /home/local/xinyu/MVRSS/mvrss/experiments3/evaluation_reports/sleet/test_set_51/shared9_12_first_s10_11_t50_52_53/seed44_source_result.txt
Completed sleet_group9_seed43_target: /home/local/xinyu/MVRSS/mvrss/experiments3/evaluation_reports/sleet/test_set_53/shared9_12_first_s3_10_11_t50_51_52/seed43_target_result.txt
Completed sleet_group12_seed44_target: /home/local/xinyu/MVRSS/mvrss/experiments3/evaluation_reports/sleet/test_set_52/shared9_12_first_s3_10_11_t50_51_53/seed44_target_result.txt
Queue finished: {'pending': 0, 'running': 0, 'completed': 54, 'failed': 0}
