Validated 54 tasks; state=/home/local/xinyu/MVRSS/mvrss/experiments2/distance_evaluation_state.json; status={'pending': 54, 'running': 0, 'completed': 0, 'failed': 0}
Started rain_group1_seed42_source pid=725456 physical_cuda=0 (1/9 active)
Started rain_group1_seed42_target pid=725457 physical_cuda=1 (2/9 active)
Started rain_group4_seed42_source pid=725458 physical_cuda=2 (3/9 active)
Started rain_group4_seed42_target pid=725459 physical_cuda=0 (4/9 active)
Started rain_group2_seed42_source pid=725460 physical_cuda=1 (5/9 active)
Started rain_group2_seed42_target pid=725461 physical_cuda=2 (6/9 active)
Started rain_group5_seed42_source pid=725462 physical_cuda=0 (7/9 active)
Started rain_group5_seed42_target pid=725463 physical_cuda=1 (8/9 active)
Started rain_group3_seed42_source pid=725464 physical_cuda=2 (9/9 active)
Completed rain_group2_seed42_target: /home/local/xinyu/MVRSS/mvrss/experiments2/evaluation_reports/rain/test_set_24/shared9_s5_15_t23_25/seed42_target_result.txt
Started rain_group3_seed42_target pid=862913 physical_cuda=2 (9/9 active)
Completed rain_group4_seed42_source: /home/local/xinyu/MVRSS/mvrss/experiments2/evaluation_reports/rain/test_set_23/shared9_s5_20_t24_25/seed42_source_result.txt
Started rain_group6_seed42_source pid=863544 physical_cuda=2 (9/9 active)
Completed rain_group2_seed42_source: /home/local/xinyu/MVRSS/mvrss/experiments2/evaluation_reports/rain/test_set_24/shared9_s5_15_t23_25/seed42_source_result.txt
Completed rain_group3_seed42_source: /home/local/xinyu/MVRSS/mvrss/experiments2/evaluation_reports/rain/test_set_25/shared9_s5_15_t23_24/seed42_source_result.txt
Started rain_group6_seed42_target pid=863869 physical_cuda=1 (8/9 active)
Started rain_group7_seed43_source pid=863870 physical_cuda=2 (9/9 active)
Completed rain_group5_seed42_target: /home/local/xinyu/MVRSS/mvrss/experiments2/evaluation_reports/rain/test_set_24/shared9_s5_20_t23_25/seed42_target_result.txt
Started rain_group7_seed43_target pid=864451 physical_cuda=1 (9/9 active)
Completed rain_group1_seed42_target: /home/local/xinyu/MVRSS/mvrss/experiments2/evaluation_reports/rain/test_set_23/shared9_s5_15_t24_25/seed42_target_result.txt
Started rain_group10_seed43_source pid=864859 physical_cuda=1 (9/9 active)
Completed rain_group1_seed42_source: /home/local/xinyu/MVRSS/mvrss/experiments2/evaluation_reports/rain/test_set_23/shared9_s5_15_t24_25/seed42_source_result.txt
Started rain_group10_seed43_target pid=877122 physical_cuda=0 (9/9 active)
Completed rain_group4_seed42_target: /home/local/xinyu/MVRSS/mvrss/experiments2/evaluation_reports/rain/test_set_23/shared9_s5_20_t24_25/seed42_target_result.txt
Started rain_group8_seed43_source pid=877144 physical_cuda=0 (9/9 active)
Completed rain_group5_seed42_source: /home/local/xinyu/MVRSS/mvrss/experiments2/evaluation_reports/rain/test_set_24/shared9_s5_20_t23_25/seed42_source_result.txt
Started rain_group8_seed43_target pid=877694 physical_cuda=0 (9/9 active)
Completed rain_group6_seed42_target: /home/local/xinyu/MVRSS/mvrss/experiments2/evaluation_reports/rain/test_set_25/shared9_s5_20_t23_24/seed42_target_result.txt
Started rain_group11_seed43_source pid=984360 physical_cuda=1 (9/9 active)
Completed rain_group3_seed42_target: /home/local/xinyu/MVRSS/mvrss/experiments2/evaluation_reports/rain/test_set_25/shared9_s5_15_t23_24/seed42_target_result.txt
Started rain_group11_seed43_target pid=985030 physical_cuda=2 (9/9 active)
Completed rain_group7_seed43_target: /home/local/xinyu/MVRSS/mvrss/experiments2/evaluation_reports/rain/test_set_23/shared9_s5_15_t24_25/seed43_target_result.txt
Started rain_group9_seed43_source pid=985663 physical_cuda=1 (9/9 active)
Completed rain_group7_seed43_source: /home/local/xinyu/MVRSS/mvrss/experiments2/evaluation_reports/rain/test_set_23/shared9_s5_15_t24_25/seed43_source_result.txt
Started rain_group9_seed43_target pid=985700 physical_cuda=2 (9/9 active)
Completed rain_group6_seed42_source: /home/local/xinyu/MVRSS/mvrss/experiments2/evaluation_reports/rain/test_set_25/shared9_s5_20_t23_24/seed42_source_result.txt
Started rain_group12_seed43_source pid=986654 physical_cuda=2 (9/9 active)
Completed rain_group10_seed43_source: /home/local/xinyu/MVRSS/mvrss/experiments2/evaluation_reports/rain/test_set_23/shared9_s5_20_t24_25/seed43_source_result.txt
Started rain_group12_seed43_target pid=986835 physical_cuda=1 (9/9 active)
Completed rain_group8_seed43_target: /home/local/xinyu/MVRSS/mvrss/experiments2/evaluation_reports/rain/test_set_24/shared9_s5_15_t23_25/seed43_target_result.txt
Started rain_group16_seed44_source pid=1011873 physical_cuda=0 (9/9 active)
Completed rain_group10_seed43_target: /home/local/xinyu/MVRSS/mvrss/experiments2/evaluation_reports/rain/test_set_23/shared9_s5_20_t24_25/seed43_target_result.txt
Started rain_group16_seed44_target pid=1012220 physical_cuda=0 (9/9 active)
Completed rain_group8_seed43_source: /home/local/xinyu/MVRSS/mvrss/experiments2/evaluation_reports/rain/test_set_24/shared9_s5_15_t23_25/seed43_source_result.txt
Started rain_group17_seed44_source pid=1012711 physical_cuda=0 (9/9 active)
Completed rain_group11_seed43_target: /home/local/xinyu/MVRSS/mvrss/experiments2/evaluation_reports/rain/test_set_24/shared9_s5_20_t23_25/seed43_target_result.txt
Started rain_group17_seed44_target pid=1104660 physical_cuda=2 (9/9 active)
Completed rain_group11_seed43_source: /home/local/xinyu/MVRSS/mvrss/experiments2/evaluation_reports/rain/test_set_24/shared9_s5_20_t23_25/seed43_source_result.txt
Completed rain_group9_seed43_source: /home/local/xinyu/MVRSS/mvrss/experiments2/evaluation_reports/rain/test_set_25/shared9_s5_15_t23_24/seed43_source_result.txt
Started rain_group18_seed44_source pid=1105409 physical_cuda=1 (8/9 active)
Started rain_group18_seed44_target pid=1105411 physical_cuda=1 (9/9 active)
Completed rain_group9_seed43_target: /home/local/xinyu/MVRSS/mvrss/experiments2/evaluation_reports/rain/test_set_25/shared9_s5_15_t23_24/seed43_target_result.txt
Started sleet_group1_seed42_source pid=1105914 physical_cuda=2 (9/9 active)
Completed rain_group12_seed43_source: /home/local/xinyu/MVRSS/mvrss/experiments2/evaluation_reports/rain/test_set_25/shared9_s5_20_t23_24/seed43_source_result.txt
Started sleet_group1_seed42_target pid=1105996 physical_cuda=2 (9/9 active)
Completed rain_group12_seed43_target: /home/local/xinyu/MVRSS/mvrss/experiments2/evaluation_reports/rain/test_set_25/shared9_s5_20_t23_24/seed43_target_result.txt
Started sleet_group2_seed42_source pid=1106692 physical_cuda=1 (9/9 active)
Completed rain_group16_seed44_source: /home/local/xinyu/MVRSS/mvrss/experiments2/evaluation_reports/rain/test_set_23/shared9_s5_20_t24_25/seed44_source_result.txt
Started sleet_group2_seed42_target pid=1142427 physical_cuda=0 (9/9 active)
Completed rain_group16_seed44_target: /home/local/xinyu/MVRSS/mvrss/experiments2/evaluation_reports/rain/test_set_23/shared9_s5_20_t24_25/seed44_target_result.txt
Started sleet_group3_seed42_source pid=1142625 physical_cuda=0 (9/9 active)
Completed rain_group17_seed44_source: /home/local/xinyu/MVRSS/mvrss/experiments2/evaluation_reports/rain/test_set_24/shared9_s5_20_t23_25/seed44_source_result.txt
Started sleet_group3_seed42_target pid=1143133 physical_cuda=0 (9/9 active)
Completed sleet_group1_seed42_source: /home/local/xinyu/MVRSS/mvrss/experiments2/evaluation_reports/sleet/test_set_50/shared9_12_first_s3_10_t51_52_53/seed42_source_result.txt
Completed sleet_group2_seed42_source: /home/local/xinyu/MVRSS/mvrss/experiments2/evaluation_reports/sleet/test_set_51/shared9_12_first_s10_11_t50_52_53/seed42_source_result.txt
Started sleet_group4_seed42_source pid=1219006 physical_cuda=1 (8/9 active)
Started sleet_group4_seed42_target pid=1219007 physical_cuda=2 (9/9 active)
Completed rain_group17_seed44_target: /home/local/xinyu/MVRSS/mvrss/experiments2/evaluation_reports/rain/test_set_24/shared9_s5_20_t23_25/seed44_target_result.txt
Started sleet_group6_seed43_source pid=1219144 physical_cuda=2 (9/9 active)
Completed sleet_group1_seed42_target: /home/local/xinyu/MVRSS/mvrss/experiments2/evaluation_reports/sleet/test_set_50/shared9_12_first_s3_10_t51_52_53/seed42_target_result.txt
Started sleet_group6_seed43_target pid=1220062 physical_cuda=2 (9/9 active)
Completed rain_group18_seed44_target: /home/local/xinyu/MVRSS/mvrss/experiments2/evaluation_reports/rain/test_set_25/shared9_s5_20_t23_24/seed44_target_result.txt
Started sleet_group7_seed43_source pid=1220282 physical_cuda=1 (9/9 active)
Completed rain_group18_seed44_source: /home/local/xinyu/MVRSS/mvrss/experiments2/evaluation_reports/rain/test_set_25/shared9_s5_20_t23_24/seed44_source_result.txt
Started sleet_group7_seed43_target pid=1221716 physical_cuda=1 (9/9 active)
Completed sleet_group2_seed42_target: /home/local/xinyu/MVRSS/mvrss/experiments2/evaluation_reports/sleet/test_set_51/shared9_12_first_s10_11_t50_52_53/seed42_target_result.txt
Started sleet_group8_seed43_source pid=1266759 physical_cuda=0 (9/9 active)
Completed sleet_group3_seed42_target: /home/local/xinyu/MVRSS/mvrss/experiments2/evaluation_reports/sleet/test_set_52/shared9_12_first_s3_10_11_t50_51_53/seed42_target_result.txt
Started sleet_group8_seed43_target pid=1267027 physical_cuda=0 (9/9 active)
Completed sleet_group3_seed42_source: /home/local/xinyu/MVRSS/mvrss/experiments2/evaluation_reports/sleet/test_set_52/shared9_12_first_s3_10_11_t50_51_53/seed42_source_result.txt
Started sleet_group9_seed43_source pid=1267068 physical_cuda=0 (9/9 active)
Completed sleet_group6_seed43_source: /home/local/xinyu/MVRSS/mvrss/experiments2/evaluation_reports/sleet/test_set_50/shared9_12_first_s3_10_t51_52_53/seed43_source_result.txt
Started sleet_group9_seed43_target pid=1330752 physical_cuda=2 (9/9 active)
Completed sleet_group4_seed42_target: /home/local/xinyu/MVRSS/mvrss/experiments2/evaluation_reports/sleet/test_set_53/shared9_12_first_s3_10_11_t50_51_52/seed42_target_result.txt
Started sleet_group10_seed44_source pid=1330942 physical_cuda=2 (9/9 active)
Completed sleet_group4_seed42_source: /home/local/xinyu/MVRSS/mvrss/experiments2/evaluation_reports/sleet/test_set_53/shared9_12_first_s3_10_11_t50_51_52/seed42_source_result.txt
Started sleet_group10_seed44_target pid=1331288 physical_cuda=1 (9/9 active)
Completed sleet_group7_seed43_source: /home/local/xinyu/MVRSS/mvrss/experiments2/evaluation_reports/sleet/test_set_51/shared9_12_first_s10_11_t50_52_53/seed43_source_result.txt
Started sleet_group11_seed44_source pid=1332331 physical_cuda=1 (9/9 active)
Completed sleet_group6_seed43_target: /home/local/xinyu/MVRSS/mvrss/experiments2/evaluation_reports/sleet/test_set_50/shared9_12_first_s3_10_t51_52_53/seed43_target_result.txt
Started sleet_group11_seed44_target pid=1333961 physical_cuda=2 (9/9 active)
Completed sleet_group7_seed43_target: /home/local/xinyu/MVRSS/mvrss/experiments2/evaluation_reports/sleet/test_set_51/shared9_12_first_s10_11_t50_52_53/seed43_target_result.txt
Started sleet_group12_seed44_source pid=1334149 physical_cuda=1 (9/9 active)
Completed sleet_group9_seed43_source: /home/local/xinyu/MVRSS/mvrss/experiments2/evaluation_reports/sleet/test_set_53/shared9_12_first_s3_10_11_t50_51_52/seed43_source_result.txt
Started sleet_group12_seed44_target pid=1392750 physical_cuda=0 (9/9 active)
Completed sleet_group8_seed43_source: /home/local/xinyu/MVRSS/mvrss/experiments2/evaluation_reports/sleet/test_set_52/shared9_12_first_s3_10_11_t50_51_53/seed43_source_result.txt
Started sleet_group13_seed44_source pid=1394484 physical_cuda=0 (9/9 active)
Completed sleet_group8_seed43_target: /home/local/xinyu/MVRSS/mvrss/experiments2/evaluation_reports/sleet/test_set_52/shared9_12_first_s3_10_11_t50_51_53/seed43_target_result.txt
Started sleet_group13_seed44_target pid=1394674 physical_cuda=0 (9/9 active)
Completed sleet_group9_seed43_target: /home/local/xinyu/MVRSS/mvrss/experiments2/evaluation_reports/sleet/test_set_53/shared9_12_first_s3_10_11_t50_51_52/seed43_target_result.txt
Completed sleet_group10_seed44_target: /home/local/xinyu/MVRSS/mvrss/experiments2/evaluation_reports/sleet/test_set_50/shared9_12_first_s3_10_t51_52_53/seed44_target_result.txt
Completed sleet_group11_seed44_source: /home/local/xinyu/MVRSS/mvrss/experiments2/evaluation_reports/sleet/test_set_51/shared9_12_first_s10_11_t50_52_53/seed44_source_result.txt
Completed sleet_group10_seed44_source: /home/local/xinyu/MVRSS/mvrss/experiments2/evaluation_reports/sleet/test_set_50/shared9_12_first_s3_10_t51_52_53/seed44_source_result.txt
Completed sleet_group11_seed44_target: /home/local/xinyu/MVRSS/mvrss/experiments2/evaluation_reports/sleet/test_set_51/shared9_12_first_s10_11_t50_52_53/seed44_target_result.txt
Completed sleet_group12_seed44_source: /home/local/xinyu/MVRSS/mvrss/experiments2/evaluation_reports/sleet/test_set_52/shared9_12_first_s3_10_11_t50_51_53/seed44_source_result.txt
Completed sleet_group12_seed44_target: /home/local/xinyu/MVRSS/mvrss/experiments2/evaluation_reports/sleet/test_set_52/shared9_12_first_s3_10_11_t50_51_53/seed44_target_result.txt
Completed sleet_group13_seed44_target: /home/local/xinyu/MVRSS/mvrss/experiments2/evaluation_reports/sleet/test_set_53/shared9_12_first_s3_10_11_t50_51_52/seed44_target_result.txt
Completed sleet_group13_seed44_source: /home/local/xinyu/MVRSS/mvrss/experiments2/evaluation_reports/sleet/test_set_53/shared9_12_first_s3_10_11_t50_51_52/seed44_source_result.txt
Queue finished: {'pending': 0, 'running': 0, 'completed': 54, 'failed': 0}
