Waiting for experiments3 (completed=36, pending=9, running=9); no SD GPU work started.
Waiting for experiments3 (completed=37, pending=8, running=9); no SD GPU work started.
Waiting for experiments3 (completed=38, pending=7, running=9); no SD GPU work started.
Waiting for experiments3 (completed=40, pending=7, running=7); no SD GPU work started.
Waiting for experiments3 (completed=40, pending=5, running=9); no SD GPU work started.
Waiting for experiments3 (completed=41, pending=4, running=9); no SD GPU work started.
Waiting for experiments3 (completed=42, pending=3, running=9); no SD GPU work started.
Waiting for experiments3 (completed=43, pending=3, running=8); no SD GPU work started.
Waiting for experiments3 (completed=43, pending=2, running=9); no SD GPU work started.
Waiting for experiments3 (completed=44, pending=1, running=9); no SD GPU work started.
Waiting for experiments3 (completed=45, running=9); no SD GPU work started.
Waiting for experiments3 (completed=45, running=9); no SD GPU work started.
Waiting for experiments3 (completed=47, running=7); no SD GPU work started.
Waiting for experiments3 (completed=51, running=3); no SD GPU work started.
Waiting for experiments3 (completed=52, running=2); no SD GPU work started.
Waiting for experiments3 (completed=53, running=1); no SD GPU work started.
experiments3 gate ready: 54/54 completed
Started weather reference heavy_snow_group1_seed42_source_weather pid=206977 physical_cuda=0 (1/9 active)
Started weather reference heavy_snow_group2_seed42_source_weather pid=206978 physical_cuda=1 (2/9 active)
Started weather reference heavy_snow_group4_seed42_source_weather pid=206979 physical_cuda=2 (3/9 active)
Started weather reference heavy_snow_group3_seed42_source_weather pid=206980 physical_cuda=0 (4/9 active)
Started weather reference heavy_snow_group5_seed43_source_weather pid=206981 physical_cuda=1 (5/9 active)
Started weather reference heavy_snow_group6_seed43_source_weather pid=206982 physical_cuda=2 (6/9 active)
Started weather reference heavy_snow_group8_seed43_source_weather pid=206983 physical_cuda=0 (7/9 active)
Started weather reference heavy_snow_group7_seed43_source_weather pid=206985 physical_cuda=1 (8/9 active)
Started weather reference heavy_snow_group10_seed44_source_weather pid=206986 physical_cuda=2 (9/9 active)
Completed weather reference heavy_snow_group5_seed43_source_weather: /home/local/xinyu/MVRSS/mvrss/experiments4/weather_reference_reports/heavy_snow/test_set_46_47/group5_seed43_source_weather_result.txt
Started weather reference heavy_snow_group12_seed44_source_weather pid=399313 physical_cuda=1 (9/9 active)
Completed weather reference heavy_snow_group4_seed42_source_weather: /home/local/xinyu/MVRSS/mvrss/experiments4/weather_reference_reports/heavy_snow/test_set_54_56/group4_seed42_source_weather_result.txt
Started weather reference heavy_snow_group11_seed44_source_weather pid=401183 physical_cuda=2 (9/9 active)
Completed weather reference heavy_snow_group10_seed44_source_weather: /home/local/xinyu/MVRSS/mvrss/experiments4/weather_reference_reports/heavy_snow/test_set_54_55/group10_seed44_source_weather_result.txt
Started weather reference light_snow_group1_seed42_source_weather pid=401315 physical_cuda=2 (9/9 active)
Completed weather reference heavy_snow_group2_seed42_source_weather: /home/local/xinyu/MVRSS/mvrss/experiments4/weather_reference_reports/heavy_snow/test_set_54_55/group2_seed42_source_weather_result.txt
Completed weather reference heavy_snow_group7_seed43_source_weather: /home/local/xinyu/MVRSS/mvrss/experiments4/weather_reference_reports/heavy_snow/test_set_55_56/group7_seed43_source_weather_result.txt
Started weather reference light_snow_group6_seed42_source_weather pid=401490 physical_cuda=1 (8/9 active)
Started weather reference light_snow_group2_seed42_source_weather pid=401492 physical_cuda=1 (9/9 active)
Completed weather reference heavy_snow_group6_seed43_source_weather: /home/local/xinyu/MVRSS/mvrss/experiments4/weather_reference_reports/heavy_snow/test_set_54_55/group6_seed43_source_weather_result.txt
Started weather reference light_snow_group7_seed42_source_weather pid=402193 physical_cuda=2 (9/9 active)
Completed weather reference heavy_snow_group1_seed42_source_weather: /home/local/xinyu/MVRSS/mvrss/experiments4/weather_reference_reports/heavy_snow/test_set_46_47/group1_seed42_source_weather_result.txt
Started weather reference light_snow_group4_seed42_source_weather pid=417746 physical_cuda=0 (9/9 active)
Completed weather reference heavy_snow_group3_seed42_source_weather: /home/local/xinyu/MVRSS/mvrss/experiments4/weather_reference_reports/heavy_snow/test_set_55_56/group3_seed42_source_weather_result.txt
Started weather reference light_snow_group8_seed42_source_weather pid=421180 physical_cuda=0 (9/9 active)
Completed weather reference heavy_snow_group8_seed43_source_weather: /home/local/xinyu/MVRSS/mvrss/experiments4/weather_reference_reports/heavy_snow/test_set_54_56/group8_seed43_source_weather_result.txt
Started weather reference light_snow_group5_seed42_source_weather pid=421578 physical_cuda=0 (9/9 active)
Completed weather reference light_snow_group1_seed42_source_weather: /home/local/xinyu/MVRSS/mvrss/experiments4/weather_reference_reports/light_snow/test_set_42/group1_seed42_source_weather_result.txt
Started weather reference light_snow_group9_seed42_source_weather pid=507966 physical_cuda=2 (9/9 active)
Completed weather reference light_snow_group6_seed42_source_weather: /home/local/xinyu/MVRSS/mvrss/experiments4/weather_reference_reports/light_snow/test_set_42/group6_seed42_source_weather_result.txt
Started weather reference light_snow_group10_seed43_source_weather pid=508470 physical_cuda=1 (9/9 active)
Completed weather reference light_snow_group2_seed42_source_weather: /home/local/xinyu/MVRSS/mvrss/experiments4/weather_reference_reports/light_snow/test_set_43/group2_seed42_source_weather_result.txt
Completed weather reference light_snow_group7_seed42_source_weather: /home/local/xinyu/MVRSS/mvrss/experiments4/weather_reference_reports/light_snow/test_set_43/group7_seed42_source_weather_result.txt
Started weather reference light_snow_group14_seed43_source_weather pid=509861 physical_cuda=1 (8/9 active)
Started weather reference light_snow_group11_seed43_source_weather pid=509862 physical_cuda=2 (9/9 active)
Completed weather reference light_snow_group4_seed42_source_weather: /home/local/xinyu/MVRSS/mvrss/experiments4/weather_reference_reports/light_snow/test_set_48/group4_seed42_source_weather_result.txt
Started weather reference light_snow_group15_seed43_source_weather pid=529579 physical_cuda=0 (9/9 active)
Completed weather reference light_snow_group8_seed42_source_weather: /home/local/xinyu/MVRSS/mvrss/experiments4/weather_reference_reports/light_snow/test_set_48/group8_seed42_source_weather_result.txt
Completed weather reference light_snow_group5_seed42_source_weather: /home/local/xinyu/MVRSS/mvrss/experiments4/weather_reference_reports/light_snow/test_set_49/group5_seed42_source_weather_result.txt
Started weather reference light_snow_group12_seed43_source_weather pid=534058 physical_cuda=0 (8/9 active)
Started weather reference light_snow_group16_seed43_source_weather pid=534063 physical_cuda=0 (9/9 active)
Completed weather reference heavy_snow_group12_seed44_source_weather: /home/local/xinyu/MVRSS/mvrss/experiments4/weather_reference_reports/heavy_snow/test_set_54_56/group12_seed44_source_weather_result.txt
Started weather reference light_snow_group13_seed43_source_weather pid=600966 physical_cuda=1 (9/9 active)
Completed weather reference heavy_snow_group11_seed44_source_weather: /home/local/xinyu/MVRSS/mvrss/experiments4/weather_reference_reports/heavy_snow/test_set_55_56/group11_seed44_source_weather_result.txt
Started weather reference light_snow_group17_seed43_source_weather pid=604262 physical_cuda=2 (9/9 active)
Completed weather reference light_snow_group9_seed42_source_weather: /home/local/xinyu/MVRSS/mvrss/experiments4/weather_reference_reports/light_snow/test_set_49/group9_seed42_source_weather_result.txt
Started weather reference light_snow_group18_seed44_source_weather pid=613613 physical_cuda=2 (9/9 active)
Completed weather reference light_snow_group10_seed43_source_weather: /home/local/xinyu/MVRSS/mvrss/experiments4/weather_reference_reports/light_snow/test_set_42/group10_seed43_source_weather_result.txt
Started weather reference light_snow_group22_seed44_source_weather pid=615774 physical_cuda=1 (9/9 active)
Completed weather reference light_snow_group14_seed43_source_weather: /home/local/xinyu/MVRSS/mvrss/experiments4/weather_reference_reports/light_snow/test_set_42/group14_seed43_source_weather_result.txt
Completed weather reference light_snow_group11_seed43_source_weather: /home/local/xinyu/MVRSS/mvrss/experiments4/weather_reference_reports/light_snow/test_set_43/group11_seed43_source_weather_result.txt
Started weather reference light_snow_group19_seed44_source_weather pid=617149 physical_cuda=1 (8/9 active)
Started weather reference light_snow_group23_seed44_source_weather pid=617150 physical_cuda=2 (9/9 active)
Completed weather reference light_snow_group15_seed43_source_weather: /home/local/xinyu/MVRSS/mvrss/experiments4/weather_reference_reports/light_snow/test_set_43/group15_seed43_source_weather_result.txt
Started weather reference light_snow_group20_seed44_source_weather pid=641442 physical_cuda=0 (9/9 active)
Completed weather reference light_snow_group16_seed43_source_weather: /home/local/xinyu/MVRSS/mvrss/experiments4/weather_reference_reports/light_snow/test_set_48/group16_seed43_source_weather_result.txt
Started weather reference light_snow_group24_seed44_source_weather pid=642764 physical_cuda=0 (9/9 active)
Completed weather reference light_snow_group12_seed43_source_weather: /home/local/xinyu/MVRSS/mvrss/experiments4/weather_reference_reports/light_snow/test_set_48/group12_seed43_source_weather_result.txt
Started weather reference light_snow_group21_seed44_source_weather pid=643513 physical_cuda=0 (9/9 active)
Completed weather reference light_snow_group13_seed43_source_weather: /home/local/xinyu/MVRSS/mvrss/experiments4/weather_reference_reports/light_snow/test_set_49/group13_seed43_source_weather_result.txt
Started weather reference light_snow_group25_seed44_source_weather pid=701646 physical_cuda=1 (9/9 active)
Completed weather reference light_snow_group17_seed43_source_weather: /home/local/xinyu/MVRSS/mvrss/experiments4/weather_reference_reports/light_snow/test_set_49/group17_seed43_source_weather_result.txt
Started weather reference overcast_group1_seed42_source_weather pid=706161 physical_cuda=2 (9/9 active)
Completed weather reference light_snow_group18_seed44_source_weather: /home/local/xinyu/MVRSS/mvrss/experiments4/weather_reference_reports/light_snow/test_set_42/group18_seed44_source_weather_result.txt
Started weather reference overcast_group2_seed42_source_weather pid=723157 physical_cuda=2 (9/9 active)
Completed weather reference light_snow_group22_seed44_source_weather: /home/local/xinyu/MVRSS/mvrss/experiments4/weather_reference_reports/light_snow/test_set_42/group22_seed44_source_weather_result.txt
Started weather reference overcast_group3_seed42_source_weather pid=725817 physical_cuda=1 (9/9 active)
Completed weather reference light_snow_group23_seed44_source_weather: /home/local/xinyu/MVRSS/mvrss/experiments4/weather_reference_reports/light_snow/test_set_43/group23_seed44_source_weather_result.txt
Started weather reference overcast_group4_seed42_source_weather pid=727350 physical_cuda=2 (9/9 active)
Completed weather reference light_snow_group19_seed44_source_weather: /home/local/xinyu/MVRSS/mvrss/experiments4/weather_reference_reports/light_snow/test_set_43/group19_seed44_source_weather_result.txt
Started weather reference overcast_group5_seed42_source_weather pid=728588 physical_cuda=1 (9/9 active)
Completed weather reference light_snow_group24_seed44_source_weather: /home/local/xinyu/MVRSS/mvrss/experiments4/weather_reference_reports/light_snow/test_set_48/group24_seed44_source_weather_result.txt
Started weather reference overcast_group6_seed42_source_weather pid=779512 physical_cuda=0 (9/9 active)
Completed weather reference light_snow_group20_seed44_source_weather: /home/local/xinyu/MVRSS/mvrss/experiments4/weather_reference_reports/light_snow/test_set_48/group20_seed44_source_weather_result.txt
Started weather reference overcast_group7_seed43_source_weather pid=780199 physical_cuda=0 (9/9 active)
Completed weather reference light_snow_group21_seed44_source_weather: /home/local/xinyu/MVRSS/mvrss/experiments4/weather_reference_reports/light_snow/test_set_49/group21_seed44_source_weather_result.txt
Started weather reference overcast_group8_seed43_source_weather pid=781734 physical_cuda=0 (9/9 active)
Completed weather reference light_snow_group25_seed44_source_weather: /home/local/xinyu/MVRSS/mvrss/experiments4/weather_reference_reports/light_snow/test_set_49/group25_seed44_source_weather_result.txt
Started weather reference overcast_group9_seed43_source_weather pid=861329 physical_cuda=1 (9/9 active)
Completed weather reference overcast_group5_seed42_source_weather: /home/local/xinyu/MVRSS/mvrss/experiments4/weather_reference_reports/overcast/test_set_22/group5_seed42_source_weather_result.txt
Started weather reference overcast_group10_seed43_source_weather pid=882357 physical_cuda=1 (9/9 active)
Completed weather reference overcast_group6_seed42_source_weather: /home/local/xinyu/MVRSS/mvrss/experiments4/weather_reference_reports/overcast/test_set_22/group6_seed42_source_weather_result.txt
Started weather reference overcast_group11_seed43_source_weather pid=919081 physical_cuda=0 (9/9 active)
Completed weather reference overcast_group1_seed42_source_weather: /home/local/xinyu/MVRSS/mvrss/experiments4/weather_reference_reports/overcast/test_set_13/group1_seed42_source_weather_result.txt
Started weather reference overcast_group12_seed43_source_weather pid=966331 physical_cuda=2 (9/9 active)
Completed weather reference overcast_group2_seed42_source_weather: /home/local/xinyu/MVRSS/mvrss/experiments4/weather_reference_reports/overcast/test_set_13/group2_seed42_source_weather_result.txt
Completed weather reference overcast_group3_seed42_source_weather: /home/local/xinyu/MVRSS/mvrss/experiments4/weather_reference_reports/overcast/test_set_13/group3_seed42_source_weather_result.txt
Started weather reference overcast_group13_seed44_source_weather pid=982290 physical_cuda=1 (8/9 active)
Started weather reference overcast_group14_seed44_source_weather pid=982291 physical_cuda=2 (9/9 active)
Completed weather reference overcast_group4_seed42_source_weather: /home/local/xinyu/MVRSS/mvrss/experiments4/weather_reference_reports/overcast/test_set_13/group4_seed42_source_weather_result.txt
Started weather reference overcast_group15_seed44_source_weather pid=984848 physical_cuda=2 (9/9 active)
Completed weather reference overcast_group7_seed43_source_weather: /home/local/xinyu/MVRSS/mvrss/experiments4/weather_reference_reports/overcast/test_set_13/group7_seed43_source_weather_result.txt
Started weather reference overcast_group16_seed44_source_weather pid=1026780 physical_cuda=0 (9/9 active)
Completed weather reference overcast_group8_seed43_source_weather: /home/local/xinyu/MVRSS/mvrss/experiments4/weather_reference_reports/overcast/test_set_13/group8_seed43_source_weather_result.txt
Started weather reference overcast_group17_seed44_source_weather pid=1028206 physical_cuda=0 (9/9 active)
Completed weather reference overcast_group11_seed43_source_weather: /home/local/xinyu/MVRSS/mvrss/experiments4/weather_reference_reports/overcast/test_set_22/group11_seed43_source_weather_result.txt
Started weather reference overcast_group18_seed44_source_weather pid=1048892 physical_cuda=0 (9/9 active)
Completed weather reference overcast_group9_seed43_source_weather: /home/local/xinyu/MVRSS/mvrss/experiments4/weather_reference_reports/overcast/test_set_13/group9_seed43_source_weather_result.txt
Completed weather reference overcast_group12_seed43_source_weather: /home/local/xinyu/MVRSS/mvrss/experiments4/weather_reference_reports/overcast/test_set_22/group12_seed43_source_weather_result.txt
Completed weather reference overcast_group10_seed43_source_weather: /home/local/xinyu/MVRSS/mvrss/experiments4/weather_reference_reports/overcast/test_set_13/group10_seed43_source_weather_result.txt
Completed weather reference overcast_group17_seed44_source_weather: /home/local/xinyu/MVRSS/mvrss/experiments4/weather_reference_reports/overcast/test_set_22/group17_seed44_source_weather_result.txt
Completed weather reference overcast_group13_seed44_source_weather: /home/local/xinyu/MVRSS/mvrss/experiments4/weather_reference_reports/overcast/test_set_13/group13_seed44_source_weather_result.txt
Completed weather reference overcast_group18_seed44_source_weather: /home/local/xinyu/MVRSS/mvrss/experiments4/weather_reference_reports/overcast/test_set_22/group18_seed44_source_weather_result.txt
Completed weather reference overcast_group14_seed44_source_weather: /home/local/xinyu/MVRSS/mvrss/experiments4/weather_reference_reports/overcast/test_set_13/group14_seed44_source_weather_result.txt
Completed weather reference overcast_group15_seed44_source_weather: /home/local/xinyu/MVRSS/mvrss/experiments4/weather_reference_reports/overcast/test_set_13/group15_seed44_source_weather_result.txt
Completed weather reference overcast_group16_seed44_source_weather: /home/local/xinyu/MVRSS/mvrss/experiments4/weather_reference_reports/overcast/test_set_13/group16_seed44_source_weather_result.txt
Weather-reference queue finished: {'pending': 0, 'running': 0, 'completed': 53, 'failed': 0}
Validated 80 all-weather SD tasks (ready=80, not_ready=0); status={'pending': 80, 'running': 0, 'completed': 0, 'failed': 0}; state=/home/local/xinyu/MVRSS/mvrss/experiments4/sd_evaluation_state.json
Started heavy_snow_group1_seed42_source_normal pid=1180548 physical_cuda=0 (1/9 active)
Started heavy_snow_group2_seed42_source_normal pid=1180549 physical_cuda=1 (2/9 active)
Started heavy_snow_group4_seed42_source_normal pid=1180550 physical_cuda=2 (3/9 active)
Started heavy_snow_group3_seed42_source_normal pid=1180551 physical_cuda=0 (4/9 active)
Started heavy_snow_group5_seed43_source_normal pid=1180552 physical_cuda=1 (5/9 active)
Started heavy_snow_group6_seed43_source_normal pid=1180556 physical_cuda=2 (6/9 active)
Started heavy_snow_group8_seed43_source_normal pid=1180558 physical_cuda=0 (7/9 active)
Started heavy_snow_group7_seed43_source_normal pid=1180559 physical_cuda=1 (8/9 active)
Started heavy_snow_group10_seed44_source_normal pid=1180560 physical_cuda=2 (9/9 active)
Completed heavy_snow_group4_seed42_source_normal: /home/local/xinyu/MVRSS/mvrss/experiments4/evaluation_reports/heavy_snow/test_set_54_56/group4_seed42_source_normal_result.txt
Completed heavy_snow_group7_seed43_source_normal: /home/local/xinyu/MVRSS/mvrss/experiments4/evaluation_reports/heavy_snow/test_set_55_56/group7_seed43_source_normal_result.txt
Completed heavy_snow_group10_seed44_source_normal: /home/local/xinyu/MVRSS/mvrss/experiments4/evaluation_reports/heavy_snow/test_set_54_55/group10_seed44_source_normal_result.txt
Started heavy_snow_group12_seed44_source_normal pid=1275493 physical_cuda=2 (7/9 active)
Started heavy_snow_group11_seed44_source_normal pid=1275494 physical_cuda=1 (8/9 active)
Started light_snow_group1_seed42_source_normal pid=1275496 physical_cuda=2 (9/9 active)
Completed heavy_snow_group2_seed42_source_normal: /home/local/xinyu/MVRSS/mvrss/experiments4/evaluation_reports/heavy_snow/test_set_54_55/group2_seed42_source_normal_result.txt
Started light_snow_group6_seed42_source_normal pid=1275700 physical_cuda=1 (9/9 active)
Completed heavy_snow_group6_seed43_source_normal: /home/local/xinyu/MVRSS/mvrss/experiments4/evaluation_reports/heavy_snow/test_set_54_55/group6_seed43_source_normal_result.txt
Started light_snow_group2_seed42_source_normal pid=1276525 physical_cuda=2 (9/9 active)
Completed heavy_snow_group3_seed42_source_normal: /home/local/xinyu/MVRSS/mvrss/experiments4/evaluation_reports/heavy_snow/test_set_55_56/group3_seed42_source_normal_result.txt
Started light_snow_group7_seed42_source_normal pid=1284340 physical_cuda=0 (9/9 active)
Completed heavy_snow_group8_seed43_source_normal: /home/local/xinyu/MVRSS/mvrss/experiments4/evaluation_reports/heavy_snow/test_set_54_56/group8_seed43_source_normal_result.txt
Started light_snow_group4_seed42_source_normal pid=1285337 physical_cuda=0 (9/9 active)
Completed heavy_snow_group5_seed43_source_normal: /home/local/xinyu/MVRSS/mvrss/experiments4/evaluation_reports/heavy_snow/test_set_46_47/group5_seed43_source_normal_result.txt
Started light_snow_group8_seed42_source_normal pid=1366095 physical_cuda=1 (9/9 active)
Completed heavy_snow_group11_seed44_source_normal: /home/local/xinyu/MVRSS/mvrss/experiments4/evaluation_reports/heavy_snow/test_set_55_56/group11_seed44_source_normal_result.txt
Started light_snow_group5_seed42_source_normal pid=1384913 physical_cuda=1 (9/9 active)
Completed heavy_snow_group12_seed44_source_normal: /home/local/xinyu/MVRSS/mvrss/experiments4/evaluation_reports/heavy_snow/test_set_54_56/group12_seed44_source_normal_result.txt
Started light_snow_group9_seed42_source_normal pid=1385655 physical_cuda=2 (9/9 active)
Completed light_snow_group6_seed42_source_normal: /home/local/xinyu/MVRSS/mvrss/experiments4/evaluation_reports/light_snow/test_set_42/group6_seed42_source_normal_result.txt
Started light_snow_group10_seed43_source_normal pid=1386642 physical_cuda=1 (9/9 active)
Completed light_snow_group1_seed42_source_normal: /home/local/xinyu/MVRSS/mvrss/experiments4/evaluation_reports/light_snow/test_set_42/group1_seed42_source_normal_result.txt
Started light_snow_group14_seed43_source_normal pid=1387364 physical_cuda=2 (9/9 active)
Completed light_snow_group2_seed42_source_normal: /home/local/xinyu/MVRSS/mvrss/experiments4/evaluation_reports/light_snow/test_set_43/group2_seed42_source_normal_result.txt
Started light_snow_group11_seed43_source_normal pid=1387652 physical_cuda=2 (9/9 active)
Completed heavy_snow_group1_seed42_source_normal: /home/local/xinyu/MVRSS/mvrss/experiments4/evaluation_reports/heavy_snow/test_set_46_47/group1_seed42_source_normal_result.txt
Started light_snow_group15_seed43_source_normal pid=1398511 physical_cuda=0 (9/9 active)
Completed light_snow_group7_seed42_source_normal: /home/local/xinyu/MVRSS/mvrss/experiments4/evaluation_reports/light_snow/test_set_43/group7_seed42_source_normal_result.txt
Started light_snow_group12_seed43_source_normal pid=1418895 physical_cuda=0 (9/9 active)
Completed light_snow_group4_seed42_source_normal: /home/local/xinyu/MVRSS/mvrss/experiments4/evaluation_reports/light_snow/test_set_48/group4_seed42_source_normal_result.txt
Started light_snow_group16_seed43_source_normal pid=1421113 physical_cuda=0 (9/9 active)
Completed light_snow_group8_seed42_source_normal: /home/local/xinyu/MVRSS/mvrss/experiments4/evaluation_reports/light_snow/test_set_48/group8_seed42_source_normal_result.txt
Started light_snow_group13_seed43_source_normal pid=1530896 physical_cuda=1 (9/9 active)
Completed light_snow_group5_seed42_source_normal: /home/local/xinyu/MVRSS/mvrss/experiments4/evaluation_reports/light_snow/test_set_49/group5_seed42_source_normal_result.txt
Started light_snow_group17_seed43_source_normal pid=1546098 physical_cuda=1 (9/9 active)
Completed light_snow_group10_seed43_source_normal: /home/local/xinyu/MVRSS/mvrss/experiments4/evaluation_reports/light_snow/test_set_42/group10_seed43_source_normal_result.txt
Started light_snow_group18_seed44_source_normal pid=1546526 physical_cuda=1 (9/9 active)
Completed light_snow_group9_seed42_source_normal: /home/local/xinyu/MVRSS/mvrss/experiments4/evaluation_reports/light_snow/test_set_49/group9_seed42_source_normal_result.txt
Started light_snow_group22_seed44_source_normal pid=1548136 physical_cuda=2 (9/9 active)
Completed light_snow_group11_seed43_source_normal: /home/local/xinyu/MVRSS/mvrss/experiments4/evaluation_reports/light_snow/test_set_43/group11_seed43_source_normal_result.txt
Started light_snow_group19_seed44_source_normal pid=1548596 physical_cuda=2 (9/9 active)
Completed light_snow_group14_seed43_source_normal: /home/local/xinyu/MVRSS/mvrss/experiments4/evaluation_reports/light_snow/test_set_42/group14_seed43_source_normal_result.txt
Started light_snow_group23_seed44_source_normal pid=1548865 physical_cuda=2 (9/9 active)
Completed light_snow_group15_seed43_source_normal: /home/local/xinyu/MVRSS/mvrss/experiments4/evaluation_reports/light_snow/test_set_43/group15_seed43_source_normal_result.txt
Started light_snow_group20_seed44_source_normal pid=1574130 physical_cuda=0 (9/9 active)
Completed light_snow_group12_seed43_source_normal: /home/local/xinyu/MVRSS/mvrss/experiments4/evaluation_reports/light_snow/test_set_48/group12_seed43_source_normal_result.txt
Started light_snow_group24_seed44_source_normal pid=1591204 physical_cuda=0 (9/9 active)
Completed light_snow_group16_seed43_source_normal: /home/local/xinyu/MVRSS/mvrss/experiments4/evaluation_reports/light_snow/test_set_48/group16_seed43_source_normal_result.txt
Started light_snow_group21_seed44_source_normal pid=1591390 physical_cuda=0 (9/9 active)
Completed light_snow_group13_seed43_source_normal: /home/local/xinyu/MVRSS/mvrss/experiments4/evaluation_reports/light_snow/test_set_49/group13_seed43_source_normal_result.txt
Started light_snow_group25_seed44_source_normal pid=1681788 physical_cuda=1 (9/9 active)
Completed light_snow_group18_seed44_source_normal: /home/local/xinyu/MVRSS/mvrss/experiments4/evaluation_reports/light_snow/test_set_42/group18_seed44_source_normal_result.txt
Started overcast_group1_seed42_source_normal pid=1693491 physical_cuda=1 (9/9 active)
Completed light_snow_group17_seed43_source_normal: /home/local/xinyu/MVRSS/mvrss/experiments4/evaluation_reports/light_snow/test_set_49/group17_seed43_source_normal_result.txt
Started overcast_group2_seed42_source_normal pid=1694829 physical_cuda=1 (9/9 active)
Completed light_snow_group22_seed44_source_normal: /home/local/xinyu/MVRSS/mvrss/experiments4/evaluation_reports/light_snow/test_set_42/group22_seed44_source_normal_result.txt
Started overcast_group3_seed42_source_normal pid=1695500 physical_cuda=2 (9/9 active)
Completed light_snow_group19_seed44_source_normal: /home/local/xinyu/MVRSS/mvrss/experiments4/evaluation_reports/light_snow/test_set_43/group19_seed44_source_normal_result.txt
Started overcast_group4_seed42_source_normal pid=1695856 physical_cuda=2 (9/9 active)
Completed light_snow_group23_seed44_source_normal: /home/local/xinyu/MVRSS/mvrss/experiments4/evaluation_reports/light_snow/test_set_43/group23_seed44_source_normal_result.txt
Started overcast_group5_seed42_source_normal pid=1696296 physical_cuda=2 (9/9 active)
Completed light_snow_group20_seed44_source_normal: /home/local/xinyu/MVRSS/mvrss/experiments4/evaluation_reports/light_snow/test_set_48/group20_seed44_source_normal_result.txt
Started overcast_group6_seed42_source_normal pid=1738139 physical_cuda=0 (9/9 active)
Completed light_snow_group24_seed44_source_normal: /home/local/xinyu/MVRSS/mvrss/experiments4/evaluation_reports/light_snow/test_set_48/group24_seed44_source_normal_result.txt
Completed light_snow_group21_seed44_source_normal: /home/local/xinyu/MVRSS/mvrss/experiments4/evaluation_reports/light_snow/test_set_49/group21_seed44_source_normal_result.txt
Started overcast_group7_seed43_source_normal pid=1753684 physical_cuda=0 (8/9 active)
Started overcast_group8_seed43_source_normal pid=1753686 physical_cuda=0 (9/9 active)
Completed light_snow_group25_seed44_source_normal: /home/local/xinyu/MVRSS/mvrss/experiments4/evaluation_reports/light_snow/test_set_49/group25_seed44_source_normal_result.txt
Started overcast_group9_seed43_source_normal pid=1839322 physical_cuda=1 (9/9 active)
Completed overcast_group5_seed42_source_normal: /home/local/xinyu/MVRSS/mvrss/experiments4/evaluation_reports/overcast/test_set_22/group5_seed42_source_normal_result.txt
Started overcast_group10_seed43_source_normal pid=1851016 physical_cuda=2 (9/9 active)
Completed overcast_group6_seed42_source_normal: /home/local/xinyu/MVRSS/mvrss/experiments4/evaluation_reports/overcast/test_set_22/group6_seed42_source_normal_result.txt
Started overcast_group11_seed43_source_normal pid=1905980 physical_cuda=0 (9/9 active)
experiments3 gate ready: 54/54 completed
Weather-reference queue finished: {'pending': 0, 'running': 0, 'completed': 53, 'failed': 0}
Validated 80 all-weather SD tasks (ready=80, not_ready=0); status={'pending': 43, 'running': 0, 'completed': 37, 'failed': 0}; state=/home/local/xinyu/MVRSS/mvrss/experiments4/sd_evaluation_state.json
Started overcast_group1_seed42_source_normal pid=18443 physical_cuda=0 (1/9 active)
Started overcast_group2_seed42_source_normal pid=18444 physical_cuda=1 (2/9 active)
Started overcast_group3_seed42_source_normal pid=18445 physical_cuda=2 (3/9 active)
Started overcast_group4_seed42_source_normal pid=18446 physical_cuda=0 (4/9 active)
Started overcast_group7_seed43_source_normal pid=18447 physical_cuda=1 (5/9 active)
Started overcast_group8_seed43_source_normal pid=18451 physical_cuda=2 (6/9 active)
Started overcast_group9_seed43_source_normal pid=18453 physical_cuda=0 (7/9 active)
Started overcast_group10_seed43_source_normal pid=18454 physical_cuda=1 (8/9 active)
Started overcast_group11_seed43_source_normal pid=18455 physical_cuda=2 (9/9 active)
Completed overcast_group11_seed43_source_normal: /home/local/xinyu/MVRSS/mvrss/experiments4/evaluation_reports/overcast/test_set_22/group11_seed43_source_normal_result.txt
Started overcast_group12_seed43_source_normal pid=96820 physical_cuda=2 (9/9 active)
Completed overcast_group3_seed42_source_normal: /home/local/xinyu/MVRSS/mvrss/experiments4/evaluation_reports/overcast/test_set_13/group3_seed42_source_normal_result.txt
Started overcast_group13_seed44_source_normal pid=184847 physical_cuda=2 (9/9 active)
Completed overcast_group2_seed42_source_normal: /home/local/xinyu/MVRSS/mvrss/experiments4/evaluation_reports/overcast/test_set_13/group2_seed42_source_normal_result.txt
Started overcast_group14_seed44_source_normal pid=187224 physical_cuda=1 (9/9 active)
Completed overcast_group10_seed43_source_normal: /home/local/xinyu/MVRSS/mvrss/experiments4/evaluation_reports/overcast/test_set_13/group10_seed43_source_normal_result.txt
Started overcast_group15_seed44_source_normal pid=187969 physical_cuda=1 (9/9 active)
Completed overcast_group9_seed43_source_normal: /home/local/xinyu/MVRSS/mvrss/experiments4/evaluation_reports/overcast/test_set_13/group9_seed43_source_normal_result.txt
Started overcast_group16_seed44_source_normal pid=188171 physical_cuda=0 (9/9 active)
Completed overcast_group8_seed43_source_normal: /home/local/xinyu/MVRSS/mvrss/experiments4/evaluation_reports/overcast/test_set_13/group8_seed43_source_normal_result.txt
Started overcast_group17_seed44_source_normal pid=188390 physical_cuda=2 (9/9 active)
Completed overcast_group1_seed42_source_normal: /home/local/xinyu/MVRSS/mvrss/experiments4/evaluation_reports/overcast/test_set_13/group1_seed42_source_normal_result.txt
Completed overcast_group4_seed42_source_normal: /home/local/xinyu/MVRSS/mvrss/experiments4/evaluation_reports/overcast/test_set_13/group4_seed42_source_normal_result.txt
Started overcast_group18_seed44_source_normal pid=188948 physical_cuda=0 (8/9 active)
Started rain_group1_seed42_source_normal pid=188949 physical_cuda=0 (9/9 active)
Completed overcast_group7_seed43_source_normal: /home/local/xinyu/MVRSS/mvrss/experiments4/evaluation_reports/overcast/test_set_13/group7_seed43_source_normal_result.txt
Started rain_group4_seed42_source_normal pid=190442 physical_cuda=1 (9/9 active)
Completed overcast_group12_seed43_source_normal: /home/local/xinyu/MVRSS/mvrss/experiments4/evaluation_reports/overcast/test_set_22/group12_seed43_source_normal_result.txt
Started rain_group2_seed42_source_normal pid=201557 physical_cuda=2 (9/9 active)
Completed overcast_group17_seed44_source_normal: /home/local/xinyu/MVRSS/mvrss/experiments4/evaluation_reports/overcast/test_set_22/group17_seed44_source_normal_result.txt
Completed rain_group1_seed42_source_normal: /home/local/xinyu/MVRSS/mvrss/experiments4/evaluation_reports/rain/test_set_23/group1_seed42_source_normal_result.txt
Started rain_group5_seed42_source_normal pid=288118 physical_cuda=0 (8/9 active)
Started rain_group3_seed42_source_normal pid=288130 physical_cuda=2 (9/9 active)
Completed overcast_group18_seed44_source_normal: /home/local/xinyu/MVRSS/mvrss/experiments4/evaluation_reports/overcast/test_set_22/group18_seed44_source_normal_result.txt
Started rain_group6_seed42_source_normal pid=289403 physical_cuda=0 (9/9 active)
Completed rain_group4_seed42_source_normal: /home/local/xinyu/MVRSS/mvrss/experiments4/evaluation_reports/rain/test_set_23/group4_seed42_source_normal_result.txt
Started rain_group7_seed43_source_normal pid=292450 physical_cuda=1 (9/9 active)
Completed rain_group2_seed42_source_normal: /home/local/xinyu/MVRSS/mvrss/experiments4/evaluation_reports/rain/test_set_24/group2_seed42_source_normal_result.txt
Started rain_group10_seed43_source_normal pid=301702 physical_cuda=2 (9/9 active)
Completed overcast_group13_seed44_source_normal: /home/local/xinyu/MVRSS/mvrss/experiments4/evaluation_reports/overcast/test_set_13/group13_seed44_source_normal_result.txt
Started rain_group8_seed43_source_normal pid=359610 physical_cuda=2 (9/9 active)
Completed overcast_group14_seed44_source_normal: /home/local/xinyu/MVRSS/mvrss/experiments4/evaluation_reports/overcast/test_set_13/group14_seed44_source_normal_result.txt
Started rain_group11_seed43_source_normal pid=359954 physical_cuda=1 (9/9 active)
Completed overcast_group16_seed44_source_normal: /home/local/xinyu/MVRSS/mvrss/experiments4/evaluation_reports/overcast/test_set_13/group16_seed44_source_normal_result.txt
Started rain_group9_seed43_source_normal pid=361629 physical_cuda=0 (9/9 active)
Completed overcast_group15_seed44_source_normal: /home/local/xinyu/MVRSS/mvrss/experiments4/evaluation_reports/overcast/test_set_13/group15_seed44_source_normal_result.txt
Started rain_group12_seed43_source_normal pid=364187 physical_cuda=1 (9/9 active)
Completed rain_group3_seed42_source_normal: /home/local/xinyu/MVRSS/mvrss/experiments4/evaluation_reports/rain/test_set_25/group3_seed42_source_normal_result.txt
Started rain_group16_seed44_source_normal pid=374093 physical_cuda=2 (9/9 active)
Completed rain_group5_seed42_source_normal: /home/local/xinyu/MVRSS/mvrss/experiments4/evaluation_reports/rain/test_set_24/group5_seed42_source_normal_result.txt
Started rain_group17_seed44_source_normal pid=375608 physical_cuda=0 (9/9 active)
Completed rain_group6_seed42_source_normal: /home/local/xinyu/MVRSS/mvrss/experiments4/evaluation_reports/rain/test_set_25/group6_seed42_source_normal_result.txt
Started rain_group18_seed44_source_normal pid=377826 physical_cuda=0 (9/9 active)
Completed rain_group7_seed43_source_normal: /home/local/xinyu/MVRSS/mvrss/experiments4/evaluation_reports/rain/test_set_23/group7_seed43_source_normal_result.txt
Started sleet_group1_seed42_source_normal pid=380483 physical_cuda=1 (9/9 active)
Completed rain_group10_seed43_source_normal: /home/local/xinyu/MVRSS/mvrss/experiments4/evaluation_reports/rain/test_set_23/group10_seed43_source_normal_result.txt
Started sleet_group2_seed42_source_normal pid=390802 physical_cuda=2 (9/9 active)
Completed rain_group8_seed43_source_normal: /home/local/xinyu/MVRSS/mvrss/experiments4/evaluation_reports/rain/test_set_24/group8_seed43_source_normal_result.txt
Started sleet_group3_seed42_source_normal pid=476148 physical_cuda=2 (9/9 active)
Completed rain_group11_seed43_source_normal: /home/local/xinyu/MVRSS/mvrss/experiments4/evaluation_reports/rain/test_set_24/group11_seed43_source_normal_result.txt
Started sleet_group4_seed42_source_normal pid=476451 physical_cuda=1 (9/9 active)
Completed rain_group9_seed43_source_normal: /home/local/xinyu/MVRSS/mvrss/experiments4/evaluation_reports/rain/test_set_25/group9_seed43_source_normal_result.txt
Started sleet_group6_seed43_source_normal pid=479378 physical_cuda=0 (9/9 active)
Completed rain_group12_seed43_source_normal: /home/local/xinyu/MVRSS/mvrss/experiments4/evaluation_reports/rain/test_set_25/group12_seed43_source_normal_result.txt
Started sleet_group7_seed43_source_normal pid=480606 physical_cuda=1 (9/9 active)
Completed rain_group16_seed44_source_normal: /home/local/xinyu/MVRSS/mvrss/experiments4/evaluation_reports/rain/test_set_23/group16_seed44_source_normal_result.txt
Started sleet_group8_seed43_source_normal pid=491511 physical_cuda=2 (9/9 active)
Completed rain_group17_seed44_source_normal: /home/local/xinyu/MVRSS/mvrss/experiments4/evaluation_reports/rain/test_set_24/group17_seed44_source_normal_result.txt
Started sleet_group9_seed43_source_normal pid=492468 physical_cuda=0 (9/9 active)
Completed rain_group18_seed44_source_normal: /home/local/xinyu/MVRSS/mvrss/experiments4/evaluation_reports/rain/test_set_25/group18_seed44_source_normal_result.txt
Started sleet_group10_seed44_source_normal pid=494543 physical_cuda=0 (9/9 active)
Completed sleet_group1_seed42_source_normal: /home/local/xinyu/MVRSS/mvrss/experiments4/evaluation_reports/sleet/test_set_50/group1_seed42_source_normal_result.txt
Started sleet_group11_seed44_source_normal pid=495835 physical_cuda=1 (9/9 active)
Completed sleet_group2_seed42_source_normal: /home/local/xinyu/MVRSS/mvrss/experiments4/evaluation_reports/sleet/test_set_51/group2_seed42_source_normal_result.txt
Started sleet_group12_seed44_source_normal pid=503994 physical_cuda=2 (9/9 active)
